******************************************************************************
                  MSP430 Linker PC v4.3.1                      
******************************************************************************
>> Linked Fri Aug 08 01:53:31 2014

OUTPUT FILE NAME:   <Proj34_DuckClock_display.out>
ENTRY POINT SYMBOL: "_c_int00"  address: 0000cbde


MEMORY CONFIGURATION

         name            origin    length      used     unused   attr    fill
----------------------  --------  ---------  --------  --------  ----  --------
  SFR                   00000000   00000010  00000000  00000010  RWIX
  PERIPHERALS_8BIT      00000010   000000f0  00000000  000000f0  RWIX
  PERIPHERALS_16BIT     00000100   00000100  00000000  00000100  RWIX
  RAM                   00000200   00000200  000000de  00000122  RWIX
  INFOD                 00001000   00000040  00000000  00000040  RWIX
  INFOC                 00001040   00000040  00000000  00000040  RWIX
  INFOB                 00001080   00000040  00000000  00000040  RWIX
  INFOA                 000010c0   00000040  00000000  00000040  RWIX
  FLASH                 0000c000   00003fe0  00000e76  0000316a  RWIX
  INT00                 0000ffe0   00000002  00000000  00000002  RWIX
  INT01                 0000ffe2   00000002  00000000  00000002  RWIX
  INT02                 0000ffe4   00000002  00000002  00000000  RWIX
  INT03                 0000ffe6   00000002  00000002  00000000  RWIX
  INT04                 0000ffe8   00000002  00000000  00000002  RWIX
  INT05                 0000ffea   00000002  00000002  00000000  RWIX
  INT06                 0000ffec   00000002  00000002  00000000  RWIX
  INT07                 0000ffee   00000002  00000002  00000000  RWIX
  INT08                 0000fff0   00000002  00000002  00000000  RWIX
  INT09                 0000fff2   00000002  00000002  00000000  RWIX
  INT10                 0000fff4   00000002  00000002  00000000  RWIX
  INT11                 0000fff6   00000002  00000002  00000000  RWIX
  INT12                 0000fff8   00000002  00000002  00000000  RWIX
  INT13                 0000fffa   00000002  00000002  00000000  RWIX
  INT14                 0000fffc   00000002  00000002  00000000  RWIX
  RESET                 0000fffe   00000002  00000002  00000000  RWIX


SECTION ALLOCATION MAP

 output                                  attributes/
section   page    origin      length       input sections
--------  ----  ----------  ----------   ----------------
.init_array 
*          0    0000c000    00000000     UNINITIALIZED

.bss       0    00000200    00000066     UNINITIALIZED
                  00000200    00000064     (.common:textBuffer)
                  00000264    00000002     (.common:ii)

.TI.noinit 
*          0    00000200    00000000     UNINITIALIZED

.data      0    00000266    00000028     UNINITIALIZED
                  00000266    00000028     main.obj (.data)

.TI.persistent 
*          0    00000266    00000000     UNINITIALIZED

.stack     0    000003b0    00000050     UNINITIALIZED
                  000003b0    00000002     rts430_eabi.lib : boot.obj (.stack)
                  000003b2    0000004e     --HOLE--

.text      0    0000c000    00000c78     
                  0000c000    0000018a     main.obj (.text:setText)
                  0000c18a    0000016c     main.obj (.text:setTime)
                  0000c2f6    0000011c     main.obj (.text:Init_MAX7219)
                  0000c412    000000ec     main.obj (.text:main)
                  0000c4fe    000000e0     main.obj (.text:printmatrix)
                  0000c5de    000000a6     main.obj (.text:setIntensity)
                  0000c684    000000a2     main.obj (.text:updateNumber)
                  0000c726    00000086     main.obj (.text:analogRead)
                  0000c7ac    00000078     main.obj (.text:Matrix1)
                  0000c824    00000078     main.obj (.text:Matrix2)
                  0000c89c    00000078     main.obj (.text:Matrix3)
                  0000c914    00000078     main.obj (.text:Matrix4)
                  0000c98c    00000078     main.obj (.text:Matrix5)
                  0000ca04    00000074     main.obj (.text:Port_2)
                  0000ca78    0000005e     rts430_eabi.lib : copy_decompress_rle.obj (.text:__TI_decompress_rle_core)
                  0000cad6    0000005e                     : autoinit.obj (.text:_auto_init)
                  0000cb34    0000004c                     : lsr16.obj (.text)
                  0000cb80    00000032     main.obj (.text:SPI_Init)
                  0000cbb2    0000002c     rts430_eabi.lib : div16s.obj (.text)
                  0000cbde    0000001a                     : boot.obj (.text:_c_int00_noexit)
                  0000cbf8    00000016                     : div16u.obj (.text)
                  0000cc0e    00000014                     : copy_zero_init.obj (.text:decompress:ZI:__TI_zero_init)
                  0000cc22    00000012                     : copy_decompress_none.obj (.text:decompress:none:__TI_decompress_none)
                  0000cc34    00000012                     : memcpy.obj (.text:memcpy)
                  0000cc46    00000010                     : epilog.obj (.text)
                  0000cc56    0000000e                     : strlen.obj (.text:strlen)
                  0000cc64    00000006                     : isr_trap.obj (.text:__TI_ISR_TRAP)
                  0000cc6a    00000006                     : copy_decompress_rle.obj (.text:decompress:rle24:__TI_decompress_rle24)
                  0000cc70    00000004                     : pre_init.obj (.text:_system_pre_init)
                  0000cc74    00000004                     : exit.obj (.text:abort)

.const     0    0000cc78    000001cc     
                  0000cc78    00000198     main.obj (.const:dispFRONT)
                  0000ce10    00000034     main.obj (.const:.string)

.cinit     0    0000ce44    00000032     
                  0000ce44    00000020     (.cinit..data.load) [load image, compression = rle]
                  0000ce64    00000006     (__TI_handler_table)
                  0000ce6a    00000004     (.cinit..bss.load) [load image, compression = zero_init]
                  0000ce6e    00000008     (__TI_cinit_table)

PORT1      0    0000ffe4    00000002     
                  0000ffe4    00000002     rts430_eabi.lib : int02.obj (.int02)

PORT2      0    0000ffe6    00000002     
                  0000ffe6    00000002     main.obj (.int03)

ADC10      0    0000ffea    00000002     
                  0000ffea    00000002     rts430_eabi.lib : int05.obj (.int05)

USCIAB0TX 
*          0    0000ffec    00000002     
                  0000ffec    00000002     rts430_eabi.lib : int06.obj (.int06)

USCIAB0RX 
*          0    0000ffee    00000002     
                  0000ffee    00000002     rts430_eabi.lib : int07.obj (.int07)

TIMER0_A1 
*          0    0000fff0    00000002     
                  0000fff0    00000002     rts430_eabi.lib : int08.obj (.int08)

TIMER0_A0 
*          0    0000fff2    00000002     
                  0000fff2    00000002     rts430_eabi.lib : int09.obj (.int09)

WDT        0    0000fff4    00000002     
                  0000fff4    00000002     rts430_eabi.lib : int10.obj (.int10)

COMPARATORA 
*          0    0000fff6    00000002     
                  0000fff6    00000002     rts430_eabi.lib : int11.obj (.int11)

TIMER1_A1 
*          0    0000fff8    00000002     
                  0000fff8    00000002     rts430_eabi.lib : int12.obj (.int12)

TIMER1_A0 
*          0    0000fffa    00000002     
                  0000fffa    00000002     rts430_eabi.lib : int13.obj (.int13)

NMI        0    0000fffc    00000002     
                  0000fffc    00000002     rts430_eabi.lib : int14.obj (.int14)

.reset     0    0000fffe    00000002     
                  0000fffe    00000002     rts430_eabi.lib : boot.obj (.reset)


LINKER GENERATED COPY TABLES

__TI_cinit_table @ 0000ce6e records: 2, size/record: 4, table size: 8
	.data: load addr=0000ce44, load size=00000020 bytes, run addr=00000266, run size=00000028 bytes, compression=rle
	.bss: load addr=0000ce6a, load size=00000004 bytes, run addr=00000200, run size=00000066 bytes, compression=zero_init


LINKER GENERATED HANDLER TABLE

__TI_handler_table @ 0000ce64 records: 3, size/record: 2, table size: 6
	index: 0, handler: __TI_zero_init
	index: 1, handler: __TI_decompress_rle24
	index: 2, handler: __TI_decompress_none


GLOBAL SYMBOLS: SORTED ALPHABETICALLY BY Name 

address    name
--------   ----
0000004a   ADC10AE0
000001b0   ADC10CTL0
000001b2   ADC10CTL1
00000048   ADC10DTC0
00000049   ADC10DTC1
000001b4   ADC10MEM
000001bc   ADC10SA
00000057   BCSCTL1
00000058   BCSCTL2
00000053   BCSCTL3
0000cc74   C$$EXIT
00000059   CACTL1
0000005a   CACTL2
000010fb   CALBC1_12MHZ
000010f9   CALBC1_16MHZ
000010ff   CALBC1_1MHZ
000010fd   CALBC1_8MHZ
000010fa   CALDCO_12MHZ
000010f8   CALDCO_16MHZ
000010fe   CALDCO_1MHZ
000010fc   CALDCO_8MHZ
0000005b   CAPD
0000028c   Colon
00000056   DCOCTL
00000128   FCTL1
0000012a   FCTL2
0000012c   FCTL3
00000000   IE1
00000001   IE2
00000002   IFG1
00000003   IFG2
0000c2f6   Init_MAX7219
00000270   Length
0000c7ac   Matrix1
0000c824   Matrix2
0000c89c   Matrix3
0000c914   Matrix4
0000c98c   Matrix5
00000022   P1DIR
00000025   P1IE
00000024   P1IES
00000023   P1IFG
00000020   P1IN
00000021   P1OUT
00000027   P1REN
00000026   P1SEL
00000041   P1SEL2
0000002a   P2DIR
0000002d   P2IE
0000002c   P2IES
0000002b   P2IFG
00000028   P2IN
00000029   P2OUT
0000002f   P2REN
0000002e   P2SEL
00000042   P2SEL2
0000001a   P3DIR
00000018   P3IN
00000019   P3OUT
00000010   P3REN
0000001b   P3SEL
00000043   P3SEL2
0000ca04   Port_2
0000cb80   SPI_Init
00000172   TA0CCR0
00000174   TA0CCR1
00000176   TA0CCR2
00000162   TA0CCTL0
00000164   TA0CCTL1
00000166   TA0CCTL2
00000160   TA0CTL
0000012e   TA0IV
00000170   TA0R
00000192   TA1CCR0
00000194   TA1CCR1
00000196   TA1CCR2
00000182   TA1CCTL0
00000184   TA1CCTL1
00000186   TA1CCTL2
00000180   TA1CTL
0000011e   TA1IV
00000190   TA1R
000010db   TLV_ADC10_1_LEN
000010da   TLV_ADC10_1_TAG
000010c0   TLV_CHECKSUM
000010f7   TLV_DCO_30_LEN
000010f6   TLV_DCO_30_TAG
0000005d   UCA0ABCTL
00000062   UCA0BR0
00000063   UCA0BR1
00000060   UCA0CTL0
00000061   UCA0CTL1
0000005f   UCA0IRRCTL
0000005e   UCA0IRTCTL
00000064   UCA0MCTL
00000066   UCA0RXBUF
00000065   UCA0STAT
00000067   UCA0TXBUF
0000006a   UCB0BR0
0000006b   UCB0BR1
00000068   UCB0CTL0
00000069   UCB0CTL1
0000006c   UCB0I2CIE
00000118   UCB0I2COA
0000011a   UCB0I2CSA
0000006e   UCB0RXBUF
0000006d   UCB0STAT
0000006f   UCB0TXBUF
00000120   WDTCTL
00000400   __STACK_END
00000050   __STACK_SIZE
0000ce6e   __TI_CINIT_Base
0000ce76   __TI_CINIT_Limit
0000ce64   __TI_Handler_Table_Base
0000ce6a   __TI_Handler_Table_Limit
UNDEFED    __TI_INITARRAY_Base
UNDEFED    __TI_INITARRAY_Limit
0000cc64   __TI_ISR_TRAP
00000001   __TI_args_main
0000cc22   __TI_decompress_none
0000cc6a   __TI_decompress_rle24
00000001   __TI_exit
0000ffe4   __TI_int02
0000ffe6   __TI_int03
0000ffea   __TI_int05
0000ffec   __TI_int06
0000ffee   __TI_int07
0000fff0   __TI_int08
0000fff2   __TI_int09
0000fff4   __TI_int10
0000fff6   __TI_int11
0000fff8   __TI_int12
0000fffa   __TI_int13
0000fffc   __TI_int14
0000cc0e   __TI_zero_init
ffffffff   __binit__
ffffffff   __c_args__
0000cbb2   __mspabi_divi
0000cbf8   __mspabi_divu
0000cc52   __mspabi_func_epilog_1
0000cc50   __mspabi_func_epilog_2
0000cc4e   __mspabi_func_epilog_3
0000cc4c   __mspabi_func_epilog_4
0000cc4a   __mspabi_func_epilog_5
0000cc48   __mspabi_func_epilog_6
0000cc46   __mspabi_func_epilog_7
0000cbb2   __mspabi_remi
0000cbf8   __mspabi_remu
0000cb34   __mspabi_srli
0000cb7a   __mspabi_srli_1
0000cb56   __mspabi_srli_10
0000cb52   __mspabi_srli_11
0000cb4e   __mspabi_srli_12
0000cb4a   __mspabi_srli_13
0000cb46   __mspabi_srli_14
0000cb42   __mspabi_srli_15
0000cb76   __mspabi_srli_2
0000cb72   __mspabi_srli_3
0000cb6e   __mspabi_srli_4
0000cb6a   __mspabi_srli_5
0000cb66   __mspabi_srli_6
0000cb62   __mspabi_srli_7
0000cb5e   __mspabi_srli_8
0000cb5a   __mspabi_srli_9
0000cad6   _auto_init
0000cbde   _c_int00
0000cbde   _c_int00_noexit
0000fffe   _reset_vector
000003b0   _stack
0000cc70   _system_pre_init
0000cc74   abort
0000028a   alarm
0000c726   analogRead
ffffffff   binit
0000026c   center
00000274   days
0000027e   daysfirst
0000027f   dayssecond
00000272   digits
0000cc78   dispFRONT
00000276   hours
00000280   hoursfirst
00000281   hourssecond
00000286   hundseconds
00000288   i
00000264   ii
0000026e   intensity
0000026a   left
0000c412   main
0000cc34   memcpy
00000278   minutes
00000283   minutessecond
00000282   minutessfirst
00000266   pot1value
0000c4fe   printmatrix
00000268   right
0000027a   seconds
00000284   secondsfirst
00000285   secondssecond
0000c5de   setIntensity
0000c000   setText
0000c18a   setTime
0000cc56   strlen
0000027c   tenmilliseconds
00000200   textBuffer
0000c684   updateNumber


GLOBAL SYMBOLS: SORTED BY Symbol Address 

address    name
--------   ----
00000000   IE1
00000001   IE2
00000001   __TI_args_main
00000001   __TI_exit
00000002   IFG1
00000003   IFG2
00000010   P3REN
00000018   P3IN
00000019   P3OUT
0000001a   P3DIR
0000001b   P3SEL
00000020   P1IN
00000021   P1OUT
00000022   P1DIR
00000023   P1IFG
00000024   P1IES
00000025   P1IE
00000026   P1SEL
00000027   P1REN
00000028   P2IN
00000029   P2OUT
0000002a   P2DIR
0000002b   P2IFG
0000002c   P2IES
0000002d   P2IE
0000002e   P2SEL
0000002f   P2REN
00000041   P1SEL2
00000042   P2SEL2
00000043   P3SEL2
00000048   ADC10DTC0
00000049   ADC10DTC1
0000004a   ADC10AE0
00000050   __STACK_SIZE
00000053   BCSCTL3
00000056   DCOCTL
00000057   BCSCTL1
00000058   BCSCTL2
00000059   CACTL1
0000005a   CACTL2
0000005b   CAPD
0000005d   UCA0ABCTL
0000005e   UCA0IRTCTL
0000005f   UCA0IRRCTL
00000060   UCA0CTL0
00000061   UCA0CTL1
00000062   UCA0BR0
00000063   UCA0BR1
00000064   UCA0MCTL
00000065   UCA0STAT
00000066   UCA0RXBUF
00000067   UCA0TXBUF
00000068   UCB0CTL0
00000069   UCB0CTL1
0000006a   UCB0BR0
0000006b   UCB0BR1
0000006c   UCB0I2CIE
0000006d   UCB0STAT
0000006e   UCB0RXBUF
0000006f   UCB0TXBUF
00000118   UCB0I2COA
0000011a   UCB0I2CSA
0000011e   TA1IV
00000120   WDTCTL
00000128   FCTL1
0000012a   FCTL2
0000012c   FCTL3
0000012e   TA0IV
00000160   TA0CTL
00000162   TA0CCTL0
00000164   TA0CCTL1
00000166   TA0CCTL2
00000170   TA0R
00000172   TA0CCR0
00000174   TA0CCR1
00000176   TA0CCR2
00000180   TA1CTL
00000182   TA1CCTL0
00000184   TA1CCTL1
00000186   TA1CCTL2
00000190   TA1R
00000192   TA1CCR0
00000194   TA1CCR1
00000196   TA1CCR2
000001b0   ADC10CTL0
000001b2   ADC10CTL1
000001b4   ADC10MEM
000001bc   ADC10SA
00000200   textBuffer
00000264   ii
00000266   pot1value
00000268   right
0000026a   left
0000026c   center
0000026e   intensity
00000270   Length
00000272   digits
00000274   days
00000276   hours
00000278   minutes
0000027a   seconds
0000027c   tenmilliseconds
0000027e   daysfirst
0000027f   dayssecond
00000280   hoursfirst
00000281   hourssecond
00000282   minutessfirst
00000283   minutessecond
00000284   secondsfirst
00000285   secondssecond
00000286   hundseconds
00000288   i
0000028a   alarm
0000028c   Colon
000003b0   _stack
00000400   __STACK_END
000010c0   TLV_CHECKSUM
000010da   TLV_ADC10_1_TAG
000010db   TLV_ADC10_1_LEN
000010f6   TLV_DCO_30_TAG
000010f7   TLV_DCO_30_LEN
000010f8   CALDCO_16MHZ
000010f9   CALBC1_16MHZ
000010fa   CALDCO_12MHZ
000010fb   CALBC1_12MHZ
000010fc   CALDCO_8MHZ
000010fd   CALBC1_8MHZ
000010fe   CALDCO_1MHZ
000010ff   CALBC1_1MHZ
0000c000   setText
0000c18a   setTime
0000c2f6   Init_MAX7219
0000c412   main
0000c4fe   printmatrix
0000c5de   setIntensity
0000c684   updateNumber
0000c726   analogRead
0000c7ac   Matrix1
0000c824   Matrix2
0000c89c   Matrix3
0000c914   Matrix4
0000c98c   Matrix5
0000ca04   Port_2
0000cad6   _auto_init
0000cb34   __mspabi_srli
0000cb42   __mspabi_srli_15
0000cb46   __mspabi_srli_14
0000cb4a   __mspabi_srli_13
0000cb4e   __mspabi_srli_12
0000cb52   __mspabi_srli_11
0000cb56   __mspabi_srli_10
0000cb5a   __mspabi_srli_9
0000cb5e   __mspabi_srli_8
0000cb62   __mspabi_srli_7
0000cb66   __mspabi_srli_6
0000cb6a   __mspabi_srli_5
0000cb6e   __mspabi_srli_4
0000cb72   __mspabi_srli_3
0000cb76   __mspabi_srli_2
0000cb7a   __mspabi_srli_1
0000cb80   SPI_Init
0000cbb2   __mspabi_divi
0000cbb2   __mspabi_remi
0000cbde   _c_int00
0000cbde   _c_int00_noexit
0000cbf8   __mspabi_divu
0000cbf8   __mspabi_remu
0000cc0e   __TI_zero_init
0000cc22   __TI_decompress_none
0000cc34   memcpy
0000cc46   __mspabi_func_epilog_7
0000cc48   __mspabi_func_epilog_6
0000cc4a   __mspabi_func_epilog_5
0000cc4c   __mspabi_func_epilog_4
0000cc4e   __mspabi_func_epilog_3
0000cc50   __mspabi_func_epilog_2
0000cc52   __mspabi_func_epilog_1
0000cc56   strlen
0000cc64   __TI_ISR_TRAP
0000cc6a   __TI_decompress_rle24
0000cc70   _system_pre_init
0000cc74   C$$EXIT
0000cc74   abort
0000cc78   dispFRONT
0000ce64   __TI_Handler_Table_Base
0000ce6a   __TI_Handler_Table_Limit
0000ce6e   __TI_CINIT_Base
0000ce76   __TI_CINIT_Limit
0000ffe4   __TI_int02
0000ffe6   __TI_int03
0000ffea   __TI_int05
0000ffec   __TI_int06
0000ffee   __TI_int07
0000fff0   __TI_int08
0000fff2   __TI_int09
0000fff4   __TI_int10
0000fff6   __TI_int11
0000fff8   __TI_int12
0000fffa   __TI_int13
0000fffc   __TI_int14
0000fffe   _reset_vector
ffffffff   __binit__
ffffffff   __c_args__
ffffffff   binit
UNDEFED    __TI_INITARRAY_Base
UNDEFED    __TI_INITARRAY_Limit

[206 symbols]
