******************************************************************************
                  MSP430 Linker PC v4.3.1                      
******************************************************************************
>> Linked Wed Jun 18 21:40:21 2014

OUTPUT FILE NAME:   <Proj20_Matrix_5_DavidCounter_REVD.out>
ENTRY POINT SYMBOL: "_c_int00"  address: 0000d134


MEMORY CONFIGURATION

         name            origin    length      used     unused   attr    fill
----------------------  --------  ---------  --------  --------  ----  --------
  SFR                   00000000   00000010  00000000  00000010  RWIX
  PERIPHERALS_8BIT      00000010   000000f0  00000000  000000f0  RWIX
  PERIPHERALS_16BIT     00000100   00000100  00000000  00000100  RWIX
  RAM                   00000200   00000200  0000013c  000000c4  RWIX
  INFOD                 00001000   00000040  00000000  00000040  RWIX
  INFOC                 00001040   00000040  00000000  00000040  RWIX
  INFOB                 00001080   00000040  00000000  00000040  RWIX
  INFOA                 000010c0   00000040  00000000  00000040  RWIX
  FLASH                 0000c000   00003fe0  000013dc  00002c04  RWIX
  INT00                 0000ffe0   00000002  00000000  00000002  RWIX
  INT01                 0000ffe2   00000002  00000000  00000002  RWIX
  INT02                 0000ffe4   00000002  00000002  00000000  RWIX
  INT03                 0000ffe6   00000002  00000002  00000000  RWIX
  INT04                 0000ffe8   00000002  00000000  00000002  RWIX
  INT05                 0000ffea   00000002  00000002  00000000  RWIX
  INT06                 0000ffec   00000002  00000002  00000000  RWIX
  INT07                 0000ffee   00000002  00000002  00000000  RWIX
  INT08                 0000fff0   00000002  00000002  00000000  RWIX
  INT09                 0000fff2   00000002  00000002  00000000  RWIX
  INT10                 0000fff4   00000002  00000002  00000000  RWIX
  INT11                 0000fff6   00000002  00000002  00000000  RWIX
  INT12                 0000fff8   00000002  00000002  00000000  RWIX
  INT13                 0000fffa   00000002  00000002  00000000  RWIX
  INT14                 0000fffc   00000002  00000002  00000000  RWIX
  RESET                 0000fffe   00000002  00000002  00000000  RWIX


SECTION ALLOCATION MAP

 output                                  attributes/
section   page    origin      length       input sections
--------  ----  ----------  ----------   ----------------
.init_array 
*          0    0000c000    00000000     UNINITIALIZED

.bss       0    00000200    000000d4     UNINITIALIZED
                  00000200    00000064     (.common:textBuffer)
                  00000264    00000064     (.common:timeString)
                  000002c8    00000002     (.common:j)
                  000002ca    00000002     (.common:jj)
                  000002cc    00000002     (.common:jjj)
                  000002ce    00000002     (.common:jjjj)
                  000002d0    00000002     (.common:jjjjj)
                  000002d2    00000002     (.common:jjjjjj)

.TI.noinit 
*          0    00000200    00000000     UNINITIALIZED

.data      0    000002d4    00000018     UNINITIALIZED
                  000002d4    00000018     main.obj (.data)

.TI.persistent 
*          0    000002d4    00000000     UNINITIALIZED

.stack     0    000003b0    00000050     UNINITIALIZED
                  000003b0    00000002     rts430_eabi.lib : boot.obj (.stack)
                  000003b2    0000004e     --HOLE--

.text      0    0000c000    000011ce     
                  0000c000    0000086e     main.obj (.text:main)
                  0000c86e    0000018a     main.obj (.text:setText)
                  0000c9f8    0000011c     main.obj (.text:Init_MAX7219)
                  0000cb14    000000e0     main.obj (.text:printmatrix)
                  0000cbf4    000000a6     main.obj (.text:setIntensity)
                  0000cc9a    00000086     main.obj (.text:analogRead)
                  0000cd20    00000078     main.obj (.text:Matrix1)
                  0000cd98    00000078     main.obj (.text:Matrix2)
                  0000ce10    00000078     main.obj (.text:Matrix3)
                  0000ce88    00000078     main.obj (.text:Matrix4)
                  0000cf00    00000078     main.obj (.text:Matrix5)
                  0000cf78    0000005e     rts430_eabi.lib : copy_decompress_rle.obj (.text:__TI_decompress_rle_core)
                  0000cfd6    0000005e                     : autoinit.obj (.text:_auto_init)
                  0000d034    00000056     main.obj (.text:Timer0_A0)
                  0000d08a    0000004c     rts430_eabi.lib : lsr16.obj (.text)
                  0000d0d6    00000032     main.obj (.text:SPI_Init)
                  0000d108    0000002c     rts430_eabi.lib : div16s.obj (.text)
                  0000d134    0000001a                     : boot.obj (.text:_c_int00_noexit)
                  0000d14e    00000016                     : div16u.obj (.text)
                  0000d164    00000014                     : copy_zero_init.obj (.text:decompress:ZI:__TI_zero_init)
                  0000d178    00000012                     : copy_decompress_none.obj (.text:decompress:none:__TI_decompress_none)
                  0000d18a    00000012                     : memcpy.obj (.text:memcpy)
                  0000d19c    00000010                     : epilog.obj (.text)
                  0000d1ac    0000000e                     : strlen.obj (.text:strlen)
                  0000d1ba    00000006                     : isr_trap.obj (.text:__TI_ISR_TRAP)
                  0000d1c0    00000006                     : copy_decompress_rle.obj (.text:decompress:rle24:__TI_decompress_rle24)
                  0000d1c6    00000004                     : pre_init.obj (.text:_system_pre_init)
                  0000d1ca    00000004                     : exit.obj (.text:abort)

.const     0    0000d1ce    000001e0     
                  0000d1ce    00000198     main.obj (.const:dispFRONT)
                  0000d366    00000048     main.obj (.const:.string)

.cinit     0    0000d3ae    0000002e     
                  0000d3ae    0000001b     (.cinit..data.load) [load image, compression = rle]
                  0000d3c9    00000001     --HOLE-- [fill = 0]
                  0000d3ca    00000006     (__TI_handler_table)
                  0000d3d0    00000004     (.cinit..bss.load) [load image, compression = zero_init]
                  0000d3d4    00000008     (__TI_cinit_table)

PORT1      0    0000ffe4    00000002     
                  0000ffe4    00000002     rts430_eabi.lib : int02.obj (.int02)

PORT2      0    0000ffe6    00000002     
                  0000ffe6    00000002     rts430_eabi.lib : int03.obj (.int03)

ADC10      0    0000ffea    00000002     
                  0000ffea    00000002     rts430_eabi.lib : int05.obj (.int05)

USCIAB0TX 
*          0    0000ffec    00000002     
                  0000ffec    00000002     rts430_eabi.lib : int06.obj (.int06)

USCIAB0RX 
*          0    0000ffee    00000002     
                  0000ffee    00000002     rts430_eabi.lib : int07.obj (.int07)

TIMER0_A1 
*          0    0000fff0    00000002     
                  0000fff0    00000002     rts430_eabi.lib : int08.obj (.int08)

TIMER0_A0 
*          0    0000fff2    00000002     
                  0000fff2    00000002     main.obj (.int09)

WDT        0    0000fff4    00000002     
                  0000fff4    00000002     rts430_eabi.lib : int10.obj (.int10)

COMPARATORA 
*          0    0000fff6    00000002     
                  0000fff6    00000002     rts430_eabi.lib : int11.obj (.int11)

TIMER1_A1 
*          0    0000fff8    00000002     
                  0000fff8    00000002     rts430_eabi.lib : int12.obj (.int12)

TIMER1_A0 
*          0    0000fffa    00000002     
                  0000fffa    00000002     rts430_eabi.lib : int13.obj (.int13)

NMI        0    0000fffc    00000002     
                  0000fffc    00000002     rts430_eabi.lib : int14.obj (.int14)

.reset     0    0000fffe    00000002     
                  0000fffe    00000002     rts430_eabi.lib : boot.obj (.reset)


LINKER GENERATED COPY TABLES

__TI_cinit_table @ 0000d3d4 records: 2, size/record: 4, table size: 8
	.data: load addr=0000d3ae, load size=0000001b bytes, run addr=000002d4, run size=00000018 bytes, compression=rle
	.bss: load addr=0000d3d0, load size=00000004 bytes, run addr=00000200, run size=000000d4 bytes, compression=zero_init


LINKER GENERATED HANDLER TABLE

__TI_handler_table @ 0000d3ca records: 3, size/record: 2, table size: 6
	index: 0, handler: __TI_zero_init
	index: 1, handler: __TI_decompress_rle24
	index: 2, handler: __TI_decompress_none


GLOBAL SYMBOLS: SORTED ALPHABETICALLY BY Name 

address    name
--------   ----
0000004a   ADC10AE0
000001b0   ADC10CTL0
000001b2   ADC10CTL1
00000048   ADC10DTC0
00000049   ADC10DTC1
000001b4   ADC10MEM
000001bc   ADC10SA
00000057   BCSCTL1
00000058   BCSCTL2
00000053   BCSCTL3
0000d1ca   C$$EXIT
00000059   CACTL1
0000005a   CACTL2
000010fb   CALBC1_12MHZ
000010f9   CALBC1_16MHZ
000010ff   CALBC1_1MHZ
000010fd   CALBC1_8MHZ
000010fa   CALDCO_12MHZ
000010f8   CALDCO_16MHZ
000010fe   CALDCO_1MHZ
000010fc   CALDCO_8MHZ
0000005b   CAPD
00000056   DCOCTL
00000128   FCTL1
0000012a   FCTL2
0000012c   FCTL3
00000000   IE1
00000001   IE2
00000002   IFG1
00000003   IFG2
0000c9f8   Init_MAX7219
000002d8   Length
0000cd20   Matrix1
0000cd98   Matrix2
0000ce10   Matrix3
0000ce88   Matrix4
0000cf00   Matrix5
00000022   P1DIR
00000025   P1IE
00000024   P1IES
00000023   P1IFG
00000020   P1IN
00000021   P1OUT
00000027   P1REN
00000026   P1SEL
00000041   P1SEL2
0000002a   P2DIR
0000002d   P2IE
0000002c   P2IES
0000002b   P2IFG
00000028   P2IN
00000029   P2OUT
0000002f   P2REN
0000002e   P2SEL
00000042   P2SEL2
0000001a   P3DIR
00000018   P3IN
00000019   P3OUT
00000010   P3REN
0000001b   P3SEL
00000043   P3SEL2
0000d0d6   SPI_Init
00000172   TA0CCR0
00000174   TA0CCR1
00000176   TA0CCR2
00000162   TA0CCTL0
00000164   TA0CCTL1
00000166   TA0CCTL2
00000160   TA0CTL
0000012e   TA0IV
00000170   TA0R
00000192   TA1CCR0
00000194   TA1CCR1
00000196   TA1CCR2
00000182   TA1CCTL0
00000184   TA1CCTL1
00000186   TA1CCTL2
00000180   TA1CTL
0000011e   TA1IV
00000190   TA1R
000010db   TLV_ADC10_1_LEN
000010da   TLV_ADC10_1_TAG
000010c0   TLV_CHECKSUM
000010f7   TLV_DCO_30_LEN
000010f6   TLV_DCO_30_TAG
0000d034   Timer0_A0
0000005d   UCA0ABCTL
00000062   UCA0BR0
00000063   UCA0BR1
00000060   UCA0CTL0
00000061   UCA0CTL1
0000005f   UCA0IRRCTL
0000005e   UCA0IRTCTL
00000064   UCA0MCTL
00000066   UCA0RXBUF
00000065   UCA0STAT
00000067   UCA0TXBUF
0000006a   UCB0BR0
0000006b   UCB0BR1
00000068   UCB0CTL0
00000069   UCB0CTL1
0000006c   UCB0I2CIE
00000118   UCB0I2COA
0000011a   UCB0I2CSA
0000006e   UCB0RXBUF
0000006d   UCB0STAT
0000006f   UCB0TXBUF
00000120   WDTCTL
00000400   __STACK_END
00000050   __STACK_SIZE
0000d3d4   __TI_CINIT_Base
0000d3dc   __TI_CINIT_Limit
0000d3ca   __TI_Handler_Table_Base
0000d3d0   __TI_Handler_Table_Limit
UNDEFED    __TI_INITARRAY_Base
UNDEFED    __TI_INITARRAY_Limit
0000d1ba   __TI_ISR_TRAP
00000001   __TI_args_main
0000d178   __TI_decompress_none
0000d1c0   __TI_decompress_rle24
00000001   __TI_exit
0000ffe4   __TI_int02
0000ffe6   __TI_int03
0000ffea   __TI_int05
0000ffec   __TI_int06
0000ffee   __TI_int07
0000fff0   __TI_int08
0000fff2   __TI_int09
0000fff4   __TI_int10
0000fff6   __TI_int11
0000fff8   __TI_int12
0000fffa   __TI_int13
0000fffc   __TI_int14
0000d164   __TI_zero_init
ffffffff   __binit__
ffffffff   __c_args__
0000d108   __mspabi_divi
0000d14e   __mspabi_divu
0000d1a8   __mspabi_func_epilog_1
0000d1a6   __mspabi_func_epilog_2
0000d1a4   __mspabi_func_epilog_3
0000d1a2   __mspabi_func_epilog_4
0000d1a0   __mspabi_func_epilog_5
0000d19e   __mspabi_func_epilog_6
0000d19c   __mspabi_func_epilog_7
0000d108   __mspabi_remi
0000d14e   __mspabi_remu
0000d08a   __mspabi_srli
0000d0d0   __mspabi_srli_1
0000d0ac   __mspabi_srli_10
0000d0a8   __mspabi_srli_11
0000d0a4   __mspabi_srli_12
0000d0a0   __mspabi_srli_13
0000d09c   __mspabi_srli_14
0000d098   __mspabi_srli_15
0000d0cc   __mspabi_srli_2
0000d0c8   __mspabi_srli_3
0000d0c4   __mspabi_srli_4
0000d0c0   __mspabi_srli_5
0000d0bc   __mspabi_srli_6
0000d0b8   __mspabi_srli_7
0000d0b4   __mspabi_srli_8
0000d0b0   __mspabi_srli_9
0000cfd6   _auto_init
0000d134   _c_int00
0000d134   _c_int00_noexit
0000fffe   _reset_vector
000003b0   _stack
0000d1c6   _system_pre_init
0000d1ca   abort
0000cc9a   analogRead
ffffffff   binit
000002dc   days
000002e4   daysfirst
000002e5   dayssecond
000002da   digits
0000d1ce   dispFRONT
000002de   hours
000002e6   hoursfirst
000002e7   hourssecond
000002ea   i
000002d6   intensity
000002c8   j
000002ca   jj
000002cc   jjj
000002ce   jjjj
000002d0   jjjjj
000002d2   jjjjjj
0000c000   main
0000d18a   memcpy
000002e0   minutes
000002e9   minutessecond
000002e8   minutessfirst
000002d4   pot1value
0000cb14   printmatrix
000002e2   seconds
0000cbf4   setIntensity
0000c86e   setText
0000d1ac   strlen
00000200   textBuffer
00000264   timeString


GLOBAL SYMBOLS: SORTED BY Symbol Address 

address    name
--------   ----
00000000   IE1
00000001   IE2
00000001   __TI_args_main
00000001   __TI_exit
00000002   IFG1
00000003   IFG2
00000010   P3REN
00000018   P3IN
00000019   P3OUT
0000001a   P3DIR
0000001b   P3SEL
00000020   P1IN
00000021   P1OUT
00000022   P1DIR
00000023   P1IFG
00000024   P1IES
00000025   P1IE
00000026   P1SEL
00000027   P1REN
00000028   P2IN
00000029   P2OUT
0000002a   P2DIR
0000002b   P2IFG
0000002c   P2IES
0000002d   P2IE
0000002e   P2SEL
0000002f   P2REN
00000041   P1SEL2
00000042   P2SEL2
00000043   P3SEL2
00000048   ADC10DTC0
00000049   ADC10DTC1
0000004a   ADC10AE0
00000050   __STACK_SIZE
00000053   BCSCTL3
00000056   DCOCTL
00000057   BCSCTL1
00000058   BCSCTL2
00000059   CACTL1
0000005a   CACTL2
0000005b   CAPD
0000005d   UCA0ABCTL
0000005e   UCA0IRTCTL
0000005f   UCA0IRRCTL
00000060   UCA0CTL0
00000061   UCA0CTL1
00000062   UCA0BR0
00000063   UCA0BR1
00000064   UCA0MCTL
00000065   UCA0STAT
00000066   UCA0RXBUF
00000067   UCA0TXBUF
00000068   UCB0CTL0
00000069   UCB0CTL1
0000006a   UCB0BR0
0000006b   UCB0BR1
0000006c   UCB0I2CIE
0000006d   UCB0STAT
0000006e   UCB0RXBUF
0000006f   UCB0TXBUF
00000118   UCB0I2COA
0000011a   UCB0I2CSA
0000011e   TA1IV
00000120   WDTCTL
00000128   FCTL1
0000012a   FCTL2
0000012c   FCTL3
0000012e   TA0IV
00000160   TA0CTL
00000162   TA0CCTL0
00000164   TA0CCTL1
00000166   TA0CCTL2
00000170   TA0R
00000172   TA0CCR0
00000174   TA0CCR1
00000176   TA0CCR2
00000180   TA1CTL
00000182   TA1CCTL0
00000184   TA1CCTL1
00000186   TA1CCTL2
00000190   TA1R
00000192   TA1CCR0
00000194   TA1CCR1
00000196   TA1CCR2
000001b0   ADC10CTL0
000001b2   ADC10CTL1
000001b4   ADC10MEM
000001bc   ADC10SA
00000200   textBuffer
00000264   timeString
000002c8   j
000002ca   jj
000002cc   jjj
000002ce   jjjj
000002d0   jjjjj
000002d2   jjjjjj
000002d4   pot1value
000002d6   intensity
000002d8   Length
000002da   digits
000002dc   days
000002de   hours
000002e0   minutes
000002e2   seconds
000002e4   daysfirst
000002e5   dayssecond
000002e6   hoursfirst
000002e7   hourssecond
000002e8   minutessfirst
000002e9   minutessecond
000002ea   i
000003b0   _stack
00000400   __STACK_END
000010c0   TLV_CHECKSUM
000010da   TLV_ADC10_1_TAG
000010db   TLV_ADC10_1_LEN
000010f6   TLV_DCO_30_TAG
000010f7   TLV_DCO_30_LEN
000010f8   CALDCO_16MHZ
000010f9   CALBC1_16MHZ
000010fa   CALDCO_12MHZ
000010fb   CALBC1_12MHZ
000010fc   CALDCO_8MHZ
000010fd   CALBC1_8MHZ
000010fe   CALDCO_1MHZ
000010ff   CALBC1_1MHZ
0000c000   main
0000c86e   setText
0000c9f8   Init_MAX7219
0000cb14   printmatrix
0000cbf4   setIntensity
0000cc9a   analogRead
0000cd20   Matrix1
0000cd98   Matrix2
0000ce10   Matrix3
0000ce88   Matrix4
0000cf00   Matrix5
0000cfd6   _auto_init
0000d034   Timer0_A0
0000d08a   __mspabi_srli
0000d098   __mspabi_srli_15
0000d09c   __mspabi_srli_14
0000d0a0   __mspabi_srli_13
0000d0a4   __mspabi_srli_12
0000d0a8   __mspabi_srli_11
0000d0ac   __mspabi_srli_10
0000d0b0   __mspabi_srli_9
0000d0b4   __mspabi_srli_8
0000d0b8   __mspabi_srli_7
0000d0bc   __mspabi_srli_6
0000d0c0   __mspabi_srli_5
0000d0c4   __mspabi_srli_4
0000d0c8   __mspabi_srli_3
0000d0cc   __mspabi_srli_2
0000d0d0   __mspabi_srli_1
0000d0d6   SPI_Init
0000d108   __mspabi_divi
0000d108   __mspabi_remi
0000d134   _c_int00
0000d134   _c_int00_noexit
0000d14e   __mspabi_divu
0000d14e   __mspabi_remu
0000d164   __TI_zero_init
0000d178   __TI_decompress_none
0000d18a   memcpy
0000d19c   __mspabi_func_epilog_7
0000d19e   __mspabi_func_epilog_6
0000d1a0   __mspabi_func_epilog_5
0000d1a2   __mspabi_func_epilog_4
0000d1a4   __mspabi_func_epilog_3
0000d1a6   __mspabi_func_epilog_2
0000d1a8   __mspabi_func_epilog_1
0000d1ac   strlen
0000d1ba   __TI_ISR_TRAP
0000d1c0   __TI_decompress_rle24
0000d1c6   _system_pre_init
0000d1ca   C$$EXIT
0000d1ca   abort
0000d1ce   dispFRONT
0000d3ca   __TI_Handler_Table_Base
0000d3d0   __TI_Handler_Table_Limit
0000d3d4   __TI_CINIT_Base
0000d3dc   __TI_CINIT_Limit
0000ffe4   __TI_int02
0000ffe6   __TI_int03
0000ffea   __TI_int05
0000ffec   __TI_int06
0000ffee   __TI_int07
0000fff0   __TI_int08
0000fff2   __TI_int09
0000fff4   __TI_int10
0000fff6   __TI_int11
0000fff8   __TI_int12
0000fffa   __TI_int13
0000fffc   __TI_int14
0000fffe   _reset_vector
ffffffff   __binit__
ffffffff   __c_args__
ffffffff   binit
UNDEFED    __TI_INITARRAY_Base
UNDEFED    __TI_INITARRAY_Limit

[201 symbols]
